{
  "exclude": {
    "files": null,
    "lines": null
  },
  "generated_at": "2020-08-28T14:01:36Z",
  "plugins_used": [
    {
      "name": "AWSKeyDetector"
    },
    {
      "name": "ArtifactoryDetector"
    },
    {
      "base64_limit": 4.5,
      "name": "Base64HighEntropyString"
    },
    {
      "name": "BasicAuthDetector"
    },
    {
      "name": "CloudantDetector"
    },
    {
      "hex_limit": 3,
      "name": "HexHighEntropyString"
    },
    {
      "name": "IbmCloudIamDetector"
    },
    {
      "name": "IbmCosHmacDetector"
    },
    {
      "name": "JwtTokenDetector"
    },
    {
      "keyword_exclude": null,
      "name": "KeywordDetector"
    },
    {
      "name": "MailchimpDetector"
    },
    {
      "name": "PrivateKeyDetector"
    },
    {
      "name": "SlackDetector"
    },
    {
      "name": "SoftlayerDetector"
    },
    {
      "name": "StripeDetector"
    },
    {
      "name": "TwilioKeyDetector"
    }
  ],
  "results": {
    "config/additional-supervisord.conf": [
      {
        "hashed_secret": "1f5e25be9b575e9f5d39c82dfd1d9f4d73f1975c",
        "is_secret": false,
        "is_verified": false,
        "line_number": 27,
        "type": "Secret Keyword"
      }
    ],
    "tests/conftest.py": [
      {
        "hashed_secret": "8fd17a4f88a78455ef94e43c20e2a78826ce8138",
        "is_secret": false,
        "is_verified": false,
        "line_number": 35,
        "type": "AWS Access Key"
      },
      {
        "hashed_secret": "a74dcad10ebcdbad1049f116bc34fe5bf5f91ed8",
        "is_secret": false,
        "is_verified": false,
        "line_number": 36,
        "type": "Secret Keyword"
      }
    ]
  },
  "version": "0.13.1",
  "word_list": {
    "file": null,
    "hash": null
  }
}
